
> saas-vibe@0.1.0 build
> next build

node.exe :  ΓÜá `eslint` 
configuration in next.config.ts is 
no longer supported. See more info 
here: https://nextjs.org/docs/app/a
pi-reference/cli/next#next-lint-opt
ions
At C:\nvm4w\nodejs\npm.ps1:29 
char:3
+   & $NODE_EXE $NPM_CLI_JS $args
+   ~~~~~~~~~~~~~~~~~~~~~~~~~~~~~
    + CategoryInfo          : NotS 
   pecified: ( ΓÜá `eslint` c...x  
  t-lint-options:String) [], Rem   
 oteException
    + FullyQualifiedErrorId : Nati 
   veCommandError
 
 ΓÜá Invalid next.config.ts 
options detected: 
 ΓÜá     Unrecognized key(s) in 
object: 'eslint'
 ΓÜá See more info here: https://ne
xtjs.org/docs/messages/invalid-next
-config
   Γû▓ Next.js 16.0.7 (Turbopack)
   - Environments: .env

 ΓÜá The "middleware" file 
convention is deprecated. Please 
use "proxy" instead. Learn more: ht
tps://nextjs.org/docs/messages/midd
leware-to-proxy
   Creating an optimized production build ...

> Build error occurred
Error: Turbopack build failed with 
4 errors:
./src/components/ui/resizable.tsx:5
:1
Export [32mGroup[39m doesn't 
exist in target module
[0m [90m 3 |[39m 
[36mimport[39m [33m*[39m 
[36mas[39m [33mReact[39m 
[36mfrom[39m [32m"react"[39m
 [90m 4 |[39m [36mimport[39m { 
[33mGripVerticalIcon[39m } 
[36mfrom[39m 
[32m"lucide-react"[39m
[31m[1m>[22m[39m[90m 5 |[39m 
[36mimport[39m [33m*[39m 
[36mas[39m 
[33mResizablePrimitive[39m 
[36mfrom[39m 
[32m"react-resizable-panels"[39m
 [90m   |[39m [31m[1m^[22m[39
m[31m[1m^[22m[39m[31m[1m^[22
m[39m[31m[1m^[22m[39m[31m[1m
^[22m[39m[31m[1m^[22m[39m[31
m[1m^[22m[39m[31m[1m^[22m[39
m[31m[1m^[22m[39m[31m[1m^[22
m[39m[31m[1m^[22m[39m[31m[1m
^[22m[39m[31m[1m^[22m[39m[31
m[1m^[22m[39m[31m[1m^[22m[39
m[31m[1m^[22m[39m[31m[1m^[22
m[39m[31m[1m^[22m[39m[31m[1m
^[22m[39m[31m[1m^[22m[39m[31
m[1m^[22m[39m[31m[1m^[22m[39
m[31m[1m^[22m[39m[31m[1m^[22
m[39m[31m[1m^[22m[39m[31m[1m
^[22m[39m[31m[1m^[22m[39m[31
m[1m^[22m[39m[31m[1m^[22m[39
m[31m[1m^[22m[39m[31m[1m^[22
m[39m[31m[1m^[22m[39m[31m[1m
^[22m[39m[31m[1m^[22m[39m[31
m[1m^[22m[39m[31m[1m^[22m[39
m[31m[1m^[22m[39m[31m[1m^[22
m[39m[31m[1m^[22m[39m[31m[1m
^[22m[39m[31m[1m^[22m[39m[31
m[1m^[22m[39m[31m[1m^[22m[39
m[31m[1m^[22m[39m[31m[1m^[22
m[39m[31m[1m^[22m[39m[31m[1m
^[22m[39m[31m[1m^[22m[39m[31
m[1m^[22m[39m[31m[1m^[22m[39
m[31m[1m^[22m[39m[31m[1m^[22
m[39m[31m[1m^[22m[39m[31m[1m
^[22m[39m[31m[1m^[22m[39m[31
m[1m^[22m[39m[31m[1m^[22m[39
m[31m[1m^[22m[39m[31m[1m^[22
m[39m[31m[1m^[22m[39m
 [90m 6 |[39m
 [90m 7 |[39m [36mimport[39m { 
cn } [36mfrom[39m 
[32m"@/lib/utils"[39m
 [90m 8 |[39m[0m

The export [32mGroup[39m was not 
found in module [1m[31m[project]/
node_modules/react-resizable-panels
/dist/react-resizable-panels.browse
r.js [app-client] 
(ecmascript)[39m[22m.
Did you mean to import 
[32mgetPanelGroupElement[39m?
All exports of the module are 
statically known (It doesn't have 
dynamic exports). So it's known 
statically that the requested 
export doesn't exist.

Import traces:
  Client Component Browser:
    
./src/components/ui/resizable.tsx 
[Client Component Browser]
    ./src/modules/projects/ui/views
/project-view.tsx [Client 
Component Browser]
    ./src/modules/projects/ui/views
/project-view.tsx [Server 
Component]
    ./src/app/projects/[projectId]/
page.tsx [Server Component]

  Client Component SSR:
    
./src/components/ui/resizable.tsx 
[Client Component SSR]
    ./src/modules/projects/ui/views
/project-view.tsx [Client 
Component SSR]
    ./src/modules/projects/ui/views
/project-view.tsx [Server 
Component]
    ./src/app/projects/[projectId]/
page.tsx [Server Component]


./src/components/ui/resizable.tsx:5
:1
Export [32mGroup[39m doesn't 
exist in target module
[0m [90m 3 |[39m 
[36mimport[39m [33m*[39m 
[36mas[39m [33mReact[39m 
[36mfrom[39m [32m"react"[39m
 [90m 4 |[39m [36mimport[39m { 
[33mGripVerticalIcon[39m } 
[36mfrom[39m 
[32m"lucide-react"[39m
[31m[1m>[22m[39m[90m 5 |[39m 
[36mimport[39m [33m*[39m 
[36mas[39m 
[33mResizablePrimitive[39m 
[36mfrom[39m 
[32m"react-resizable-panels"[39m
 [90m   |[39m [31m[1m^[22m[39
m[31m[1m^[22m[39m[31m[1m^[22
m[39m[31m[1m^[22m[39m[31m[1m
^[22m[39m[31m[1m^[22m[39m[31
m[1m^[22m[39m[31m[1m^[22m[39
m[31m[1m^[22m[39m[31m[1m^[22
m[39m[31m[1m^[22m[39m[31m[1m
^[22m[39m[31m[1m^[22m[39m[31
m[1m^[22m[39m[31m[1m^[22m[39
m[31m[1m^[22m[39m[31m[1m^[22
m[39m[31m[1m^[22m[39m[31m[1m
^[22m[39m[31m[1m^[22m[39m[31
m[1m^[22m[39m[31m[1m^[22m[39
m[31m[1m^[22m[39m[31m[1m^[22
m[39m[31m[1m^[22m[39m[31m[1m
^[22m[39m[31m[1m^[22m[39m[31
m[1m^[22m[39m[31m[1m^[22m[39
m[31m[1m^[22m[39m[31m[1m^[22
m[39m[31m[1m^[22m[39m[31m[1m
^[22m[39m[31m[1m^[22m[39m[31
m[1m^[22m[39m[31m[1m^[22m[39
m[31m[1m^[22m[39m[31m[1m^[22
m[39m[31m[1m^[22m[39m[31m[1m
^[22m[39m[31m[1m^[22m[39m[31
m[1m^[22m[39m[31m[1m^[22m[39
m[31m[1m^[22m[39m[31m[1m^[22
m[39m[31m[1m^[22m[39m[31m[1m
^[22m[39m[31m[1m^[22m[39m[31
m[1m^[22m[39m[31m[1m^[22m[39
m[31m[1m^[22m[39m[31m[1m^[22
m[39m[31m[1m^[22m[39m[31m[1m
^[22m[39m[31m[1m^[22m[39m[31
m[1m^[22m[39m[31m[1m^[22m[39
m[31m[1m^[22m[39m[31m[1m^[22
m[39m[31m[1m^[22m[39m
 [90m 6 |[39m
 [90m 7 |[39m [36mimport[39m { 
cn } [36mfrom[39m 
[32m"@/lib/utils"[39m
 [90m 8 |[39m[0m

The export [32mGroup[39m was not 
found in module [1m[31m[project]/
node_modules/react-resizable-panels
/dist/react-resizable-panels.edge-l
ight.js [app-ssr] 
(ecmascript)[39m[22m.
Did you mean to import 
[32mgetPanelGroupElement[39m?
All exports of the module are 
statically known (It doesn't have 
dynamic exports). So it's known 
statically that the requested 
export doesn't exist.

Import traces:
  Client Component Browser:
    
./src/components/ui/resizable.tsx 
[Client Component Browser]
    ./src/modules/projects/ui/views
/project-view.tsx [Client 
Component Browser]
    ./src/modules/projects/ui/views
/project-view.tsx [Server 
Component]
    ./src/app/projects/[projectId]/
page.tsx [Server Component]

  Client Component SSR:
    
./src/components/ui/resizable.tsx 
[Client Component SSR]
    ./src/modules/projects/ui/views
/project-view.tsx [Client 
Component SSR]
    ./src/modules/projects/ui/views
/project-view.tsx [Server 
Component]
    ./src/app/projects/[projectId]/
page.tsx [Server Component]


./src/components/ui/resizable.tsx:5
:1
Export [32mSeparator[39m doesn't 
exist in target module
[0m [90m 3 |[39m 
[36mimport[39m [33m*[39m 
[36mas[39m [33mReact[39m 
[36mfrom[39m [32m"react"[39m
 [90m 4 |[39m [36mimport[39m { 
[33mGripVerticalIcon[39m } 
[36mfrom[39m 
[32m"lucide-react"[39m
[31m[1m>[22m[39m[90m 5 |[39m 
[36mimport[39m [33m*[39m 
[36mas[39m 
[33mResizablePrimitive[39m 
[36mfrom[39m 
[32m"react-resizable-panels"[39m
 [90m   |[39m [31m[1m^[22m[39
m[31m[1m^[22m[39m[31m[1m^[22
m[39m[31m[1m^[22m[39m[31m[1m
^[22m[39m[31m[1m^[22m[39m[31
m[1m^[22m[39m[31m[1m^[22m[39
m[31m[1m^[22m[39m[31m[1m^[22
m[39m[31m[1m^[22m[39m[31m[1m
^[22m[39m[31m[1m^[22m[39m[31
m[1m^[22m[39m[31m[1m^[22m[39
m[31m[1m^[22m[39m[31m[1m^[22
m[39m[31m[1m^[22m[39m[31m[1m
^[22m[39m[31m[1m^[22m[39m[31
m[1m^[22m[39m[31m[1m^[22m[39
m[31m[1m^[22m[39m[31m[1m^[22
m[39m[31m[1m^[22m[39m[31m[1m
^[22m[39m[31m[1m^[22m[39m[31
m[1m^[22m[39m[31m[1m^[22m[39
m[31m[1m^[22m[39m[31m[1m^[22
m[39m[31m[1m^[22m[39m[31m[1m
^[22m[39m[31m[1m^[22m[39m[31
m[1m^[22m[39m[31m[1m^[22m[39
m[31m[1m^[22m[39m[31m[1m^[22
m[39m[31m[1m^[22m[39m[31m[1m
^[22m[39m[31m[1m^[22m[39m[31
m[1m^[22m[39m[31m[1m^[22m[39
m[31m[1m^[22m[39m[31m[1m^[22
m[39m[31m[1m^[22m[39m[31m[1m
^[22m[39m[31m[1m^[22m[39m[31
m[1m^[22m[39m[31m[1m^[22m[39
m[31m[1m^[22m[39m[31m[1m^[22
m[39m[31m[1m^[22m[39m[31m[1m
^[22m[39m[31m[1m^[22m[39m[31
m[1m^[22m[39m[31m[1m^[22m[39
m[31m[1m^[22m[39m[31m[1m^[22
m[39m[31m[1m^[22m[39m
 [90m 6 |[39m
 [90m 7 |[39m [36mimport[39m { 
cn } [36mfrom[39m 
[32m"@/lib/utils"[39m
 [90m 8 |[39m[0m

The export [32mSeparator[39m was 
not found in module [1m[31m[proje
ct]/node_modules/react-resizable-pa
nels/dist/react-resizable-panels.br
owser.js [app-client] 
(ecmascript)[39m[22m.
Did you mean to import 
[32massert[39m?
All exports of the module are 
statically known (It doesn't have 
dynamic exports). So it's known 
statically that the requested 
export doesn't exist.

Import traces:
  Client Component Browser:
    
./src/components/ui/resizable.tsx 
[Client Component Browser]
    ./src/modules/projects/ui/views
/project-view.tsx [Client 
Component Browser]
    ./src/modules/projects/ui/views
/project-view.tsx [Server 
Component]
    ./src/app/projects/[projectId]/
page.tsx [Server Component]

  Client Component SSR:
    
./src/components/ui/resizable.tsx 
[Client Component SSR]
    ./src/modules/projects/ui/views
/project-view.tsx [Client 
Component SSR]
    ./src/modules/projects/ui/views
/project-view.tsx [Server 
Component]
    ./src/app/projects/[projectId]/
page.tsx [Server Component]


./src/components/ui/resizable.tsx:5
:1
Export [32mSeparator[39m doesn't 
exist in target module
[0m [90m 3 |[39m 
[36mimport[39m [33m*[39m 
[36mas[39m [33mReact[39m 
[36mfrom[39m [32m"react"[39m
 [90m 4 |[39m [36mimport[39m { 
[33mGripVerticalIcon[39m } 
[36mfrom[39m 
[32m"lucide-react"[39m
[31m[1m>[22m[39m[90m 5 |[39m 
[36mimport[39m [33m*[39m 
[36mas[39m 
[33mResizablePrimitive[39m 
[36mfrom[39m 
[32m"react-resizable-panels"[39m
 [90m   |[39m [31m[1m^[22m[39
m[31m[1m^[22m[39m[31m[1m^[22
m[39m[31m[1m^[22m[39m[31m[1m
^[22m[39m[31m[1m^[22m[39m[31
m[1m^[22m[39m[31m[1m^[22m[39
m[31m[1m^[22m[39m[31m[1m^[22
m[39m[31m[1m^[22m[39m[31m[1m
^[22m[39m[31m[1m^[22m[39m[31
m[1m^[22m[39m[31m[1m^[22m[39
m[31m[1m^[22m[39m[31m[1m^[22
m[39m[31m[1m^[22m[39m[31m[1m
^[22m[39m[31m[1m^[22m[39m[31
m[1m^[22m[39m[31m[1m^[22m[39
m[31m[1m^[22m[39m[31m[1m^[22
m[39m[31m[1m^[22m[39m[31m[1m
^[22m[39m[31m[1m^[22m[39m[31
m[1m^[22m[39m[31m[1m^[22m[39
m[31m[1m^[22m[39m[31m[1m^[22
m[39m[31m[1m^[22m[39m[31m[1m
^[22m[39m[31m[1m^[22m[39m[31
m[1m^[22m[39m[31m[1m^[22m[39
m[31m[1m^[22m[39m[31m[1m^[22
m[39m[31m[1m^[22m[39m[31m[1m
^[22m[39m[31m[1m^[22m[39m[31
m[1m^[22m[39m[31m[1m^[22m[39
m[31m[1m^[22m[39m[31m[1m^[22
m[39m[31m[1m^[22m[39m[31m[1m
^[22m[39m[31m[1m^[22m[39m[31
m[1m^[22m[39m[31m[1m^[22m[39
m[31m[1m^[22m[39m[31m[1m^[22
m[39m[31m[1m^[22m[39m[31m[1m
^[22m[39m[31m[1m^[22m[39m[31
m[1m^[22m[39m[31m[1m^[22m[39
m[31m[1m^[22m[39m[31m[1m^[22
m[39m[31m[1m^[22m[39m
 [90m 6 |[39m
 [90m 7 |[39m [36mimport[39m { 
cn } [36mfrom[39m 
[32m"@/lib/utils"[39m
 [90m 8 |[39m[0m

The export [32mSeparator[39m was 
not found in module [1m[31m[proje
ct]/node_modules/react-resizable-pa
nels/dist/react-resizable-panels.ed
ge-light.js [app-ssr] 
(ecmascript)[39m[22m.
Did you mean to import 
[32massert[39m?
All exports of the module are 
statically known (It doesn't have 
dynamic exports). So it's known 
statically that the requested 
export doesn't exist.

Import traces:
  Client Component Browser:
    
./src/components/ui/resizable.tsx 
[Client Component Browser]
    ./src/modules/projects/ui/views
/project-view.tsx [Client 
Component Browser]
    ./src/modules/projects/ui/views
/project-view.tsx [Server 
Component]
    ./src/app/projects/[projectId]/
page.tsx [Server Component]

  Client Component SSR:
    
./src/components/ui/resizable.tsx 
[Client Component SSR]
    ./src/modules/projects/ui/views
/project-view.tsx [Client 
Component SSR]
    ./src/modules/projects/ui/views
/project-view.tsx [Server 
Component]
    ./src/app/projects/[projectId]/
page.tsx [Server Component]


    at <unknown> (./src/components/
ui/resizable.tsx:5:1)
    at <unknown> (./src/components/
ui/resizable.tsx:5:1)
    at <unknown> (./src/components/
ui/resizable.tsx:5:1)
    at <unknown> (./src/components/
ui/resizable.tsx:5:1)
